../Core/Src/icm20948_driver.c:38:6:ICM20948_CS_Select	16	static
../Core/Src/icm20948_driver.c:53:6:ICM20948_CS_Deselect	16	static
../Core/Src/icm20948_driver.c:66:19:ICM20948_WriteByte	24	static
../Core/Src/icm20948_driver.c:89:19:ICM20948_ReadByte	24	static
../Core/Src/icm20948_driver.c:115:19:ICM20948_ReadBytes	24	static
../Core/Src/icm20948_driver.c:141:19:ICM20948_SelectUserBank	16	static
../Core/Src/icm20948_driver.c:159:19:AK09916_WriteByteViaICM	24	static
../Core/Src/icm20948_driver.c:231:19:AK09916_ReadByteViaICM	24	static
../Core/Src/icm20948_driver.c:286:19:ICM20948_Init	16	static
../Core/Src/icm20948_driver.c:489:19:ICM20948_ReadAccelGyroRaw	32	static
../Core/Src/icm20948_driver.c:523:19:AK09916_ReadBytesViaICM	24	static
../Core/Src/icm20948_driver.c:573:19:ICM20948_ReadMagRaw	32	static
../Core/Src/icm20948_driver.c:613:6:ICM20948_ConvertAccelRawToG	16	static
../Core/Src/icm20948_driver.c:624:6:ICM20948_ConvertGyroRawToDPS	16	static
../Core/Src/icm20948_driver.c:635:6:ICM20948_ConvertMagRawToUT	16	static
../Core/Src/icm20948_driver.c:641:6:ICM20948_Main	56	static
